// Vitest Snapshot v1, https://vitest.dev/guide/snapshot.html

exports[`NavBar Component > should match snapshot 1`] = `
<div
  className="nav-bar"
>
  <div
    className="logo-search-section"
  >
    <div
      className="logo"
    >
      <img
        alt="union-icon"
        className="union"
        src="/src/assets/svg/login/union.svg"
      />
      <img
        alt="lendsqr-icon"
        className="lendsqr"
        src="/src/assets/svg/login/lendsqr.svg"
      />
    </div>
    <div
      className="search"
    >
      <input
        placeholder="search for anything"
        type="text"
      />
      <span
        className="search-icons-box"
      >
        <svg
          className="search-icon"
          data-testid="search-icon"
          fill="currentColor"
          height="1em"
          stroke="currentColor"
          strokeWidth="0"
          style={
            {
              "color": undefined,
            }
          }
          viewBox="0 0 512 512"
          width="1em"
          xmlns="http://www.w3.org/2000/svg"
        >
          <path
            d="M505 442.7L405.3 343c-4.5-4.5-10.6-7-17-7H372c27.6-35.3 44-79.7 44-128C416 93.1 322.9 0 208 0S0 93.1 0 208s93.1 208 208 208c48.3 0 92.7-16.4 128-44v16.3c0 6.4 2.5 12.5 7 17l99.7 99.7c9.4 9.4 24.6 9.4 33.9 0l28.3-28.3c9.4-9.4 9.4-24.6.1-34zM208 336c-70.7 0-128-57.2-128-128 0-70.7 57.2-128 128-128 70.7 0 128 57.2 128 128 0 70.7-57.2 128-128 128z"
          />
        </svg>
      </span>
    </div>
  </div>
  <div
    className="others"
  >
    <span
      className="docs"
      data-testid="docs-span"
    >
      Docs
    </span>
    <svg
      className="notification-icon"
      data-testid="notification-icon"
      fill="currentColor"
      height="1em"
      stroke="currentColor"
      strokeWidth="0"
      style={
        {
          "color": undefined,
        }
      }
      viewBox="0 0 512 512"
      width="1em"
      xmlns="http://www.w3.org/2000/svg"
    >
      <path
        d="M257 120.471c7.083 0 23.911 4.479 23.911 4.479 45.589 10.447 77.678 52.439 77.678 99.85V352.412l9.321 9.364 7.788 7.823H136.302l7.788-7.823 9.321-9.364V224.8c0-47.41 32.089-89.403 77.678-99.85 0 0 18.043-4.479 23.911-4.479M256 48c-17.602 0-31.059 13.518-31.059 31.2v14.559c-59.015 13.523-103.53 67.601-103.53 131.041v114.4L80 380.8v20.8h352v-20.8l-41.411-41.6V224.8c0-63.44-44.516-117.518-103.53-131.041V79.2c0-17.682-13.457-31.2-31.059-31.2zm41.411 374.4h-82.823c0 22.881 18.633 41.6 41.412 41.6s41.411-18.719 41.411-41.6z"
      />
    </svg>
    <img
      alt="avatar"
      className="avatar"
      src="/src/assets/images/Profile.png"
    />
    <div>
      <span
        data-testid="user-name-1"
      >
        Adeji
      </span>
      <svg
        className="drop-down-icon"
        data-testid="arrow-down-icon"
        fill="currentColor"
        height="1em"
        stroke="currentColor"
        strokeWidth="0"
        style={
          {
            "color": undefined,
          }
        }
        viewBox="0 0 512 512"
        width="1em"
        xmlns="http://www.w3.org/2000/svg"
      >
        <path
          d="M128 192l128 128 128-128z"
        />
      </svg>
    </div>
  </div>
  <span
    className="fa-bars"
    data-testid="fa-bars"
    onClick={[Function]}
  >
    <svg
      fill="currentColor"
      height="1em"
      onClick={[Function]}
      stroke="currentColor"
      strokeWidth="0"
      style={
        {
          "color": undefined,
        }
      }
      viewBox="0 0 448 512"
      width="1em"
      xmlns="http://www.w3.org/2000/svg"
    >
      <path
        d="M16 132h416c8.837 0 16-7.163 16-16V76c0-8.837-7.163-16-16-16H16C7.163 60 0 67.163 0 76v40c0 8.837 7.163 16 16 16zm0 160h416c8.837 0 16-7.163 16-16v-40c0-8.837-7.163-16-16-16H16c-8.837 0-16 7.163-16 16v40c0 8.837 7.163 16 16 16zm0 160h416c8.837 0 16-7.163 16-16v-40c0-8.837-7.163-16-16-16H16c-8.837 0-16 7.163-16 16v40c0 8.837 7.163 16 16 16z"
      />
    </svg>
  </span>
  <div
    className="fixed-element"
    style={
      {
        "transform": "translateX(-100%) translateZ(0)",
      }
    }
  >
    <div>
      <svg
        className="fa-times"
        data-testid="fa-times"
        fill="currentColor"
        height={24}
        onClick={[Function]}
        stroke="currentColor"
        strokeWidth="0"
        style={
          {
            "color": undefined,
          }
        }
        viewBox="0 0 352 512"
        width={24}
        xmlns="http://www.w3.org/2000/svg"
      >
        <path
          d="M242.72 256l100.07-100.07c12.28-12.28 12.28-32.19 0-44.48l-22.24-22.24c-12.28-12.28-32.19-12.28-44.48 0L176 189.28 75.93 89.21c-12.28-12.28-32.19-12.28-44.48 0L9.21 111.45c-12.28 12.28-12.28 32.19 0 44.48L109.28 256 9.21 356.07c-12.28 12.28-12.28 32.19 0 44.48l22.24 22.24c12.28 12.28 32.2 12.28 44.48 0L176 322.72l100.07 100.07c12.28 12.28 32.2 12.28 44.48 0l22.24-22.24c12.28-12.28 12.28-32.19 0-44.48L242.72 256z"
        />
      </svg>
      <div
        className="sidebar"
      >
        <section
          className="profile-more-options"
          data-testid="profile-more-options"
        >
          <div
            className="profile-info"
          >
            <span
              className="avatar"
            >
              <img
                alt=""
                data-testid="avatar"
                src="/src/assets/images/Profile.png"
              />
            </span>
            <span
              data-testid="user-name-2"
            >
              Adeji
            </span>
          </div>
          <a
            href="/"
            onClick={[Function]}
          >
            <div
              className="top-bottom-icon-duo"
            >
              <svg
                data-testid="notification-drawer-icon"
                fill="currentColor"
                height="1em"
                stroke="currentColor"
                strokeWidth="0"
                style={
                  {
                    "color": undefined,
                  }
                }
                viewBox="0 0 1024 1024"
                width="1em"
                xmlns="http://www.w3.org/2000/svg"
              >
                <path
                  d="M816 768h-24V428c0-141.1-104.3-257.8-240-277.2V112c0-22.1-17.9-40-40-40s-40 17.9-40 40v38.8C336.3 170.2 232 286.9 232 428v340h-24c-17.7 0-32 14.3-32 32v32c0 4.4 3.6 8 8 8h216c0 61.8 50.2 112 112 112s112-50.2 112-112h216c4.4 0 8-3.6 8-8v-32c0-17.7-14.3-32-32-32zM512 888c-26.5 0-48-21.5-48-48h96c0 26.5-21.5 48-48 48z"
                />
              </svg>
            </div>
            <span>
               Notifications
            </span>
          </a>
          <a
            href="/"
            onClick={[Function]}
          >
            <div
              className="top-bottom-icon-duo"
            >
              <svg
                aria-hidden="true"
                data-testid="docs-drawer-icon"
                fill="currentColor"
                height="1em"
                stroke="currentColor"
                strokeWidth="0"
                style={
                  {
                    "color": undefined,
                  }
                }
                viewBox="0 0 20 20"
                width="1em"
                xmlns="http://www.w3.org/2000/svg"
              >
                <path
                  clipRule="evenodd"
                  d="M4 4a2 2 0 012-2h4.586A2 2 0 0112 2.586L15.414 6A2 2 0 0116 7.414V16a2 2 0 01-2 2H6a2 2 0 01-2-2V4z"
                  fillRule="evenodd"
                />
              </svg>
            </div>
            <span>
              Docs
            </span>
          </a>
        </section>
        <section
          className="top"
        >
          <a
            className="org"
            href="/"
            onClick={[Function]}
          >
            <div
              className="top-bottom-icon-duo"
            >
              <img
                alt="switch-organization-icon-1"
                src="/src/assets/svg/sidebar/OrganizationTop.svg"
              />
              <img
                alt="switch-organization-icon-2"
                src="/src/assets/svg/sidebar/OrganizationBottom.svg"
              />
            </div>
            <span>
              Switch Organization
            </span>
            <svg
              fill="currentColor"
              height="1em"
              stroke="currentColor"
              strokeWidth="0"
              style={
                {
                  "color": undefined,
                }
              }
              viewBox="0 0 24 24"
              width="1em"
              xmlns="http://www.w3.org/2000/svg"
            >
              <path
                d="M16.293 9.293 12 13.586 7.707 9.293l-1.414 1.414L12 16.414l5.707-5.707z"
              />
            </svg>
          </a>
          <a
            href="/"
            onClick={[Function]}
          >
            <div
              className="top-bottom-icon-duo"
            >
              <img
                alt="dashboard-icons-1"
                src="/src/assets/svg/sidebar/DashBoardTop.svg"
              />
              <img
                alt="dashboard-icon-2"
                className="dash-board-bottom"
                src="/src/assets/svg/sidebar/DashBoardBottom.svg"
              />
            </div>
            <span>
              Dash Board
            </span>
          </a>
        </section>
        <section
          className="middle"
        >
          <h3>
            Customers
          </h3>
          <a
            href="/users"
            onClick={[Function]}
          >
            <img
              alt="users-icon"
              src="/src/assets/svg/sidebar/Users.svg"
            />
            <span>
              Users
            </span>
          </a>
          <a
            href="/"
            onClick={[Function]}
          >
            <img
              alt="guarantors-icon"
              src="/src/assets/svg/sidebar/Guarantors.svg"
            />
            <span>
              Guarantors
            </span>
          </a>
          <a
            href="/"
            onClick={[Function]}
          >
            <img
              alt="loans-icon"
              src="/src/assets/svg/sidebar/Loans.svg"
            />
            <span>
              Loans
            </span>
          </a>
          <a
            href="/"
            onClick={[Function]}
          >
            <img
              alt="decision-icon"
              src="/src/assets/svg/sidebar/Decision.svg"
            />
            <span>
              Decision Model
            </span>
          </a>
          <a
            href="/"
            onClick={[Function]}
          >
            <img
              alt="savings-icon"
              src="/src/assets/svg/sidebar/Savings.svg"
            />
            <span>
              Savings
            </span>
          </a>
          <a
            href="/"
            onClick={[Function]}
          >
            <img
              alt="loan-request-icon"
              src="/src/assets/svg/sidebar/LoanRequests.svg"
            />
            <span>
              Loan Requests
            </span>
          </a>
          <a
            href="/"
            onClick={[Function]}
          >
            <img
              alt="white-list-icon"
              src="/src/assets/svg/sidebar/WhiteList.svg"
            />
            <span>
              whiteList
            </span>
          </a>
          <a
            href="/"
            onClick={[Function]}
          >
            <img
              alt="karma-icon"
              src="/src/assets/svg/sidebar/Karma.svg"
            />
            <span>
              Karma
            </span>
          </a>
          <h3>
            Businesses
          </h3>
          <a
            href="/"
            onClick={[Function]}
          >
            <img
              alt="organization-icon"
              src="/src/assets/svg/sidebar/briefcase.svg"
            />
            <span>
              Organization
            </span>
          </a>
          <a
            href="/"
            onClick={[Function]}
          >
            <img
              alt="loan-products-icon"
              src="/src/assets/svg/sidebar/Guarantors.svg"
            />
            <span>
              Loan Products
            </span>
          </a>
          <a
            href="/"
            onClick={[Function]}
          >
            <img
              alt="savings-product-icon"
              src="/src/assets/svg/sidebar/SavingsNew.svg"
            />
            <span>
              Savings Products
            </span>
          </a>
          <a
            href="/"
            onClick={[Function]}
          >
            <img
              alt="fees-and-charges-icon"
              src="/src/assets/svg/sidebar/fees.svg"
            />
            <span>
              Fees and Charges
            </span>
          </a>
          <a
            href="/"
            onClick={[Function]}
          >
            <img
              alt="transactions-icon"
              src="/src/assets/svg/sidebar/trans.svg"
            />
            <span>
              Transactions
            </span>
          </a>
          <a
            href="/"
            onClick={[Function]}
          >
            <img
              alt="services-icon"
              src="/src/assets/svg/sidebar/Services.svg"
            />
            <span>
              Services
            </span>
          </a>
          <a
            href="/"
            onClick={[Function]}
          >
            <img
              alt="service-amount-icon"
              src="/src/assets/svg/sidebar/ServiceAmount.svg"
            />
            <span>
              Service Account
            </span>
          </a>
          <a
            href="/"
            onClick={[Function]}
          >
            <img
              alt="settlements-icon"
              src="/src/assets/svg/sidebar/settlements.svg"
            />
            <span>
              Settlements
            </span>
          </a>
          <a
            href="/"
            onClick={[Function]}
          >
            <img
              alt="reports-icon"
              src="/src/assets/svg/sidebar/chart-bar.svg"
            />
            <span>
              Reports
            </span>
          </a>
          <span
            className="end-section"
          >
            <h3>
              Businesses
            </h3>
            <a
              href="/"
              onClick={[Function]}
            >
              <img
                alt="preferences-icon"
                src="/src/assets/svg/sidebar/Preferences.svg"
              />
              <span>
                Preferences
              </span>
            </a>
            <a
              href="/"
              onClick={[Function]}
            >
              <img
                alt="fees-and-pricing-icon"
                src="/src/assets/svg/sidebar/pricing.svg"
              />
              <span>
                Fees and Pricing
              </span>
            </a>
            <a
              href="/"
              onClick={[Function]}
            >
              <img
                alt="audit-logs-icon"
                src="/src/assets/svg/sidebar/auditLogs.svg"
              />
              <span>
                Audit Logs
              </span>
            </a>
            <a
              href="/"
              onClick={[Function]}
            >
              <img
                alt="systen-messages-icon"
                src="/src/assets/svg/sidebar/sysmessages.svg"
              />
              <span>
                System Messages
              </span>
            </a>
          </span>
          <div
            className="log-out-section"
          >
            <span
              className="log-out"
              onClick={[Function]}
            >
              <img
                alt="log-out-icon"
                src="/src/assets/svg/sidebar/sign-out.svg"
              />
              <span>
                Logout
              </span>
            </span>
            <span
              className="v1"
            >
              v1.2.0
            </span>
          </div>
        </section>
        <section
          className="bottom"
        />
      </div>
    </div>
  </div>
</div>
`;
