// Jest Snapshot v1, https://goo.gl/fbAQLP

exports[`test for NavBar component should match snapshot 1`] = `
<div
  className="details"
>
  <span
    className="data-value"
    data-testid="dataIdTitle"
  >
    dataTitle
  </span>
  <span
    className="data-title"
    data-testid="dataIdValue"
  >
    dataValue
  </span>
</div>
`;
