// Jest Snapshot v1, https://goo.gl/fbAQLP

exports[`test for SideBar component should match snapshot 1`] = `
<div
  className="sidebar"
>
  <section
    className="top"
  >
    <a
      className="org"
      href="/"
      onClick={[Function]}
    >
      <div
        className="top-bottom-icon-duo"
      >
        <img
          alt="switch-organization-icon-1"
          src="OrganizationTop.svg"
        />
        <img
          alt="switch-organization-icon-2"
          src="OrganizationBottom.svg"
        />
      </div>
      <span>
        Switch Organization
      </span>
    </a>
    <a
      href="/"
      onClick={[Function]}
    >
      <div
        className="top-bottom-icon-duo"
      >
        <img
          alt="dashboard-icons-1"
          src="DashBoardTop.svg"
        />
        <img
          alt="dashboard-icon-2"
          className="dash-board-bottom"
          src="DashBoardBottom.svg"
        />
      </div>
      <span>
        Dash Board
      </span>
    </a>
  </section>
  <section
    className="middle"
  >
    <h3>
      Customers
    </h3>
    <a
      href="/users"
      onClick={[Function]}
    >
      <img
        alt="users-icon"
        src="Users.svg"
      />
      <span>
        Users
      </span>
    </a>
    <a
      href="/"
      onClick={[Function]}
    >
      <img
        alt="guarantors-icon"
        src="Guarantors.svg"
      />
      <span>
        Guarantors
      </span>
    </a>
    <a
      href="/"
      onClick={[Function]}
    >
      <img
        alt="loans-icon"
        src="Loans.svg"
      />
      <span>
        Loans
      </span>
    </a>
    <a
      href="/"
      onClick={[Function]}
    >
      <img
        alt="decision-icon"
        src="Decision.svg"
      />
      <span>
        Decision Model
      </span>
    </a>
    <a
      href="/"
      onClick={[Function]}
    >
      <img
        alt="savings-icon"
        src="Savings.svg"
      />
      <span>
        Savings
      </span>
    </a>
    <a
      href="/"
      onClick={[Function]}
    >
      <img
        alt="loan-request-icon"
        src="LoanRequests.svg"
      />
      <span>
        Loan Requests
      </span>
    </a>
    <a
      href="/"
      onClick={[Function]}
    >
      <img
        alt="white-list-icon"
        src="WhiteList.svg"
      />
      <span>
        whiteList
      </span>
    </a>
    <a
      href="/"
      onClick={[Function]}
    >
      <img
        alt="karma-icon"
        src="Karma.svg"
      />
      <span>
        Karma
      </span>
    </a>
    <h3>
      Businesses
    </h3>
    <a
      href="/"
      onClick={[Function]}
    >
      <img
        alt="organization-icon"
        src="briefcase.svg"
      />
      <span>
        Organization
      </span>
    </a>
    <a
      href="/"
      onClick={[Function]}
    >
      <img
        alt="loan-products-icon"
        src="Guarantors.svg"
      />
      <span>
        Loan Products
      </span>
    </a>
    <a
      href="/"
      onClick={[Function]}
    >
      <img
        alt="savings-product-icon"
        src="SavingsNew.svg"
      />
      <span>
        Savings Products
      </span>
    </a>
    <a
      href="/"
      onClick={[Function]}
    >
      <img
        alt="fees-and-charges-icon"
        src="fees.svg"
      />
      <span>
        Fees and Charges
      </span>
    </a>
    <a
      href="/"
      onClick={[Function]}
    >
      <img
        alt="transactions-icon"
        src="trans.svg"
      />
      <span>
        Transactions
      </span>
    </a>
    <a
      href="/"
      onClick={[Function]}
    >
      <img
        alt="services-icon"
        src="Services.svg"
      />
      <span>
        Services
      </span>
    </a>
    <a
      href="/"
      onClick={[Function]}
    >
      <img
        alt="service-amount-icon"
        src="ServiceAmount.svg"
      />
      <span>
        Service Account
      </span>
    </a>
    <a
      href="/"
      onClick={[Function]}
    >
      <img
        alt="settlements-icon"
        src="settlements.svg"
      />
      <span>
        Settlements
      </span>
    </a>
    <a
      href="/"
      onClick={[Function]}
    >
      <img
        alt="reports-icon"
        src="chart-bar.svg"
      />
      <span>
        Reports
      </span>
    </a>
    <span
      className="end-section"
    >
      <h3>
        Businesses
      </h3>
      <a
        href="/"
        onClick={[Function]}
      >
        <img
          alt="preferences-icon"
          src="Preferences.svg"
        />
        <span>
          Preferences
        </span>
      </a>
      <a
        href="/"
        onClick={[Function]}
      >
        <img
          alt="fees-and-pricing-icon"
          src="pricing.svg"
        />
        <span>
          Fees and Pricing
        </span>
      </a>
      <a
        href="/"
        onClick={[Function]}
      >
        <img
          alt="audit-logs-icon"
          src="auditLogs.svg"
        />
        <span>
          Audit Logs
        </span>
      </a>
      <a
        href="/"
        onClick={[Function]}
      >
        <img
          alt="systen-messages-icon"
          src="sysmessages.svg"
        />
        <span>
          System Messages
        </span>
      </a>
    </span>
    <div
      className="log-out-section"
    >
      <span
        className="log-out"
      >
        <img
          alt="log-out-icon"
          src="sign-out.svg"
        />
        <span>
          Logout
        </span>
      </span>
      <span
        className="v1"
      >
        v1.2.0
      </span>
    </div>
  </section>
  <section
    className="bottom"
  />
</div>
`;
