// Jest Snapshot v1, https://goo.gl/fbAQLP

exports[`test for Login component should match snapshot 1`] = `
<div
  className="log-in-page"
>
  <section
    className="logo-section"
  >
    <span
      className="logo"
    >
      <img
        alt="logo-1"
        className="union"
        src="union.svg"
      />
      <img
        alt="logo-2"
        className="lendsqr"
        src="lendsqr.svg"
      />
    </span>
    <img
      alt="background-img"
      src="pablo.svg"
    />
  </section>
  <section
    className="form-section"
  >
    <span
      className="logo"
    >
      <img
        alt=""
        className="union"
        src="union.svg"
      />
      <img
        alt=""
        className="lendsqr"
        src="lendsqr.svg"
      />
    </span>
    <div
      className="container"
    >
      <h1>
        Welcome!
      </h1>
      <span
        className="login-details-note"
      >
        Enter details to Login
      </span>
      <form
        onSubmit={[Function]}
      >
        <div>
          <input
            onChange={[Function]}
            placeholder="Email"
            type="email"
            value=""
          />
        </div>
        <div>
          <input
            onChange={[Function]}
            placeholder="Password"
            type="password"
            value=""
          />
        </div>
        <span
          className="forgot-password"
        >
          FORGOT PASSWORD?
        </span>
        <button
          disabled={true}
        >
          <span>
            LOG IN
          </span>
        </button>
      </form>
    </div>
  </section>
</div>
`;
